// Jest Snapshot v1, https://goo.gl/fbAQLP

exports[`createImage function should have proper stats 1`] = `
Object {
  "build": true,
  "channels": 3,
  "cwd": "",
  "filename": undefined,
  "format": "png",
  "height": 200,
  "outputDir": "temp/images",
  "postfix": "@metadata",
  "prefix": "",
  "premultiplied": false,
  "size": 447,
  "src": "temp\\\\images\\\\image@metadata.png",
  "width": 200,
}
`;

exports[`createImage function should resize image 1`] = `"{\\"type\\":\\"Buffer\\",\\"data\\":[137,80,78,71,13,10,26,10,0,0,0,13,73,72,68,82,0,0,0,200,0,0,0,200,8,2,0,0,0,34,58,57,201,0,0,0,9,112,72,89,115,0,0,11,18,0,0,11,18,1,210,221,126,252,0,0,1,113,73,68,65,84,120,218,237,210,49,13,0,0,12,195,176,242,39,221,162,152,180,195,134,16,37,133,3,145,0,99,97,44,140,5,198,194,88,24,11,140,133,177,48,22,24,11,99,97,44,48,22,198,194,88,96,44,140,133,177,192,88,24,11,99,129,177,48,22,198,2,99,97,44,140,5,198,194,88,24,11,140,133,177,48,22,24,11,99,97,44,48,22,198,194,88,96,44,140,133,177,192,88,24,11,99,129,177,48,22,198,2,99,97,44,140,5,198,194,88,24,11,140,133,177,48,22,24,11,99,97,44,48,22,198,194,88,96,44,140,133,177,192,88,24,11,99,129,177,48,22,198,2,99,97,44,140,5,198,194,88,24,11,140,133,177,48,22,24,11,99,97,44,48,22,198,194,88,24,11,140,133,177,48,22,24,11,99,97,44,48,22,198,194,88,96,44,140,133,177,192,88,24,11,99,129,177,48,22,198,2,99,97,44,140,5,198,194,88,24,11,140,133,177,48,22,24,11,99,97,44,48,22,198,194,88,96,44,140,133,177,192,88,24,11,99,129,177,48,22,198,2,99,97,44,140,5,198,194,88,24,11,140,133,177,48,22,24,11,99,97,44,48,22,198,194,88,96,44,140,133,177,192,88,24,11,99,129,177,48,22,198,2,99,97,44,140,5,198,194,88,24,11,140,133,177,48,22,24,11,99,97,44,48,22,198,194,88,96,44,140,133,177,48,22,24,11,99,97,44,48,22,198,194,88,96,44,140,133,177,192,88,24,11,99,129,177,48,22,198,2,99,97,44,140,5,198,194,88,24,11,140,133,177,48,22,24,139,111,6,194,202,6,158,154,175,26,42,0,0,0,0,73,69,78,68,174,66,96,130]}"`;
